// Jest Snapshot v1, https://goo.gl/fbAQLP

exports[`LoggerService Configuration should print a debug message with gray color 1`] = `true`;

exports[`LoggerService Configuration should print a log message with grey color 1`] = `true`;

exports[`LoggerService Configuration should print a warning message with yellow color 1`] = `"Console Warn testing message"`;

exports[`LoggerService Configuration should print an error message with red color 1`] = `"Console Error testing message"`;

exports[`LoggerService Configuration should print an info message with green color 1`] = `"Console Info testing message"`;

exports[`LoggerService Configuration should setup a logger instance with custom options 1`] = `
Object {
  "useAppName": "TestApp",
}
`;

exports[`LoggerService Configuration should setup configurations for a logger instance 1`] = `
Object {
  "useAppName": "TestApp",
}
`;

exports[`LoggerService Custom configuration event log messages should print a debug message with gray color 1`] = `true`;

exports[`LoggerService Custom configuration event log messages should print a log message with grey color 1`] = `true`;

exports[`LoggerService Custom configuration event log messages should print a warning message with yellow color 1`] = `"Console Warn testing message"`;

exports[`LoggerService Custom configuration event log messages should print an error message with red color 1`] = `"Console Error testing message"`;

exports[`LoggerService Custom configuration event log messages should print an info message with green color 1`] = `"Console Info testing message"`;

exports[`LoggerService Custom configuration should setup a logger instance with custom options 1`] = `
Object {
  "useAppName": "TestApp",
}
`;

exports[`LoggerService Default configuration should  setup a logger instance with default options 1`] = `
Object {
  "useAppName": true,
  "useContext": true,
  "useEvent": true,
  "useFormat": true,
  "usePID": true,
  "usePadding": true,
  "useTimestamp": true,
}
`;

exports[`LoggerService default configuration should show a log event with default options 1`] = `"Console Debug testing message"`;

exports[`LoggerService event log messages should print a debug message with gray color 1`] = `true`;

exports[`LoggerService event log messages should print a log message with grey color 1`] = `true`;

exports[`LoggerService event log messages should print a warning message with yellow color 1`] = `"Console Warn testing message"`;

exports[`LoggerService event log messages should print an error message with red color 1`] = `"Console Error testing message"`;

exports[`LoggerService event log messages should print an info message with green color 1`] = `"Console Info testing message"`;
